[INFO] Backup started at Wed Nov  5 22:37:06 IST 2025
./backup.sh: line 28: rsync: command not found
[INFO] Backed up: /c/Users/lenovo/OneDrive/Desktop/DevopsExample/DevOps-Practice-Test/backup-system/test_source
[INFO] Backup completed at Wed Nov  5 22:37:06 IST 2025
[INFO] Backup started at Wed Nov  5 22:37:29 IST 2025
./backup.sh: line 28: rsync: command not found
[INFO] Backed up: /c/Users/lenovo/OneDrive/Desktop/DevopsExample/DevOps-Practice-Test/backup-system/test_source
[INFO] Backup completed at Wed Nov  5 22:37:30 IST 2025
bash: rsync: command not found
[INFO] Backed up: /c/Users/lenovo/OneDrive/Desktop/DevopsExample/DevOps-Practice-Test/backup-system/test_source
[INFO] Backup completed at Wed Nov  5 22:45:40 IST 2025
./backup.sh: line 27: rsync: command not found
[INFO] Backed up: /c/Users/lenovo/OneDrive/Desktop/DevopsExample/DevOps-Practice-Test/backup-system/test_source
[INFO] Backup completed at Wed Nov  5 22:46:14 IST 2025
[INFO] Backup started at Wed Nov  5 22:47:07 IST 2025
./backup.sh: line 28: rsync: command not found
[INFO] Backed up: /c/Users/lenovo/OneDrive/Desktop/DevopsExample/DevOps-Practice-Test/backup-system/test_source
[INFO] Backup completed at Wed Nov  5 22:47:08 IST 2025
bash: rsync: command not found
[INFO] Backed up: /c/Users/lenovo/OneDrive/Desktop/DevopsExample/DevOps-Practice-Test/backup-system/test_source
./backup.sh: line 27: rsync: command not found
[INFO] Backed up: /c/Users/lenovo/OneDrive/Desktop/DevopsExample/DevOps-Practice-Test/backup-system/test_source
[INFO] Backup completed at Wed Nov  5 22:51:34 IST 2025
./backup.sh: line 27: rsync: command not found
[INFO] Backed up: /c/Users/lenovo/OneDrive/Desktop/DevopsExample/DevOps-Practice-Test/backup-system/test_source
[INFO] Backup completed at Wed Nov  5 22:56:03 IST 2025
